Un fichier GraphViz graph.dot est généré.
Les documents de type Javascript, CSS et les images sont exclus.
Les documents accédés hors de la plage horaire [12;13[ sont exclus.

Les cibles les plus visitées sont : 
        /page2.html (2 hits)
        /page3.html (1 hits)