L'adresse enlevée aux URL des documents est : http://

Les cibles les plus visitées sont : 
        /page2.html (3 hits)
        /image.jpg (1 hits)
        /page1.html (1 hits)
        /page3.html (1 hits)