Les documents accédés hors de la plage horaire [12;13[ sont exclus.

Les cibles les plus visitées sont : 
        /page2.html (2 hits)
        /image.jpg (1 hits)
        /page3.html (1 hits)