Les documents de type Javascript, CSS et les images sont exclus.

Les cibles les plus visit√©es sont : 
        /page2.html (3 hits)
        /page1.html (1 hits)
        /page3.html (1 hits)