Pas assez d'arguments
Le chemin du fichier de logs n'a pas été renseigné
Commande type : 
	../../analog [options] [path/filename.log]
Liste des options : 
	-t [heure] : filtrage dans intervalle [heure, heure +1[
	-e : filtrage des extensions (js, css et images) 
	-g [filename.dot] : création d'un fichier Graphviz
	-u [URL] : changement de l'URL de base
	Sans option : affiche le top 10 des sites les plus visités